// Vitest Snapshot v1, https://vitest.dev/guide/snapshot.html

exports[`ContestRowContainer > matches snapshot 1`] = `
<div>
  <tr
    data-testid="contest-row"
  />
</div>
`;
