// Vitest Snapshot v1, https://vitest.dev/guide/snapshot.html

exports[`ProblemCellContainer > matches snapshot 1`] = `
<div>
  <div
    data-testid="problem-cell"
  />
</div>
`;
