// Vitest Snapshot v1, https://vitest.dev/guide/snapshot.html

exports[`ContestHeaderCellContainer > matches snapshot 1`] = `
<div>
  <div
    data-testid="contest-header-cell"
  />
</div>
`;
