// Vitest Snapshot v1, https://vitest.dev/guide/snapshot.html

exports[`ContestsTableContainer > matches snapshot 1`] = `
<div>
  <div
    data-testid="contests-table-mock"
  />
</div>
`;
